Archive member included to satisfy reference by file (symbol)

c:/program files/microchip/xc8/v2.32/avr/bin/../lib/gcc/avr/5.4.0/../../../../avr/lib/avr5/memx-const\libm.a(addsf3.o)
                              build/default/production/mUART.o (__subsf3)
c:/program files/microchip/xc8/v2.32/avr/bin/../lib/gcc/avr/5.4.0/../../../../avr/lib/avr5/memx-const\libm.a(addsf3x.o)
                              c:/program files/microchip/xc8/v2.32/avr/bin/../lib/gcc/avr/5.4.0/../../../../avr/lib/avr5/memx-const\libm.a(addsf3.o) (__addsf3x)
c:/program files/microchip/xc8/v2.32/avr/bin/../lib/gcc/avr/5.4.0/../../../../avr/lib/avr5/memx-const\libm.a(divsf3.o)
                              build/default/production/mUART.o (__divsf3)
c:/program files/microchip/xc8/v2.32/avr/bin/../lib/gcc/avr/5.4.0/../../../../avr/lib/avr5/memx-const\libm.a(divsf3x.o)
                              c:/program files/microchip/xc8/v2.32/avr/bin/../lib/gcc/avr/5.4.0/../../../../avr/lib/avr5/memx-const\libm.a(divsf3.o) (__divsf3x)
c:/program files/microchip/xc8/v2.32/avr/bin/../lib/gcc/avr/5.4.0/../../../../avr/lib/avr5/memx-const\libm.a(fixsfsi.o)
                              build/default/production/mUART.o (__fixsfsi)
c:/program files/microchip/xc8/v2.32/avr/bin/../lib/gcc/avr/5.4.0/../../../../avr/lib/avr5/memx-const\libm.a(fixunssfsi.o)
                              c:/program files/microchip/xc8/v2.32/avr/bin/../lib/gcc/avr/5.4.0/../../../../avr/lib/avr5/memx-const\libm.a(fixsfsi.o) (__fixunssfsi)
c:/program files/microchip/xc8/v2.32/avr/bin/../lib/gcc/avr/5.4.0/../../../../avr/lib/avr5/memx-const\libm.a(floatsisf.o)
                              build/default/production/mUART.o (__floatsisf)
c:/program files/microchip/xc8/v2.32/avr/bin/../lib/gcc/avr/5.4.0/../../../../avr/lib/avr5/memx-const\libm.a(fp_inf.o)
                              c:/program files/microchip/xc8/v2.32/avr/bin/../lib/gcc/avr/5.4.0/../../../../avr/lib/avr5/memx-const\libm.a(addsf3x.o) (__fp_inf)
c:/program files/microchip/xc8/v2.32/avr/bin/../lib/gcc/avr/5.4.0/../../../../avr/lib/avr5/memx-const\libm.a(fp_nan.o)
                              c:/program files/microchip/xc8/v2.32/avr/bin/../lib/gcc/avr/5.4.0/../../../../avr/lib/avr5/memx-const\libm.a(addsf3x.o) (__fp_nan)
c:/program files/microchip/xc8/v2.32/avr/bin/../lib/gcc/avr/5.4.0/../../../../avr/lib/avr5/memx-const\libm.a(fp_pscA.o)
                              c:/program files/microchip/xc8/v2.32/avr/bin/../lib/gcc/avr/5.4.0/../../../../avr/lib/avr5/memx-const\libm.a(addsf3x.o) (__fp_pscA)
c:/program files/microchip/xc8/v2.32/avr/bin/../lib/gcc/avr/5.4.0/../../../../avr/lib/avr5/memx-const\libm.a(fp_pscB.o)
                              c:/program files/microchip/xc8/v2.32/avr/bin/../lib/gcc/avr/5.4.0/../../../../avr/lib/avr5/memx-const\libm.a(addsf3x.o) (__fp_pscB)
c:/program files/microchip/xc8/v2.32/avr/bin/../lib/gcc/avr/5.4.0/../../../../avr/lib/avr5/memx-const\libm.a(fp_round.o)
                              c:/program files/microchip/xc8/v2.32/avr/bin/../lib/gcc/avr/5.4.0/../../../../avr/lib/avr5/memx-const\libm.a(addsf3.o) (__fp_round)
c:/program files/microchip/xc8/v2.32/avr/bin/../lib/gcc/avr/5.4.0/../../../../avr/lib/avr5/memx-const\libm.a(fp_split3.o)
                              c:/program files/microchip/xc8/v2.32/avr/bin/../lib/gcc/avr/5.4.0/../../../../avr/lib/avr5/memx-const\libm.a(addsf3x.o) (__fp_split3)
c:/program files/microchip/xc8/v2.32/avr/bin/../lib/gcc/avr/5.4.0/../../../../avr/lib/avr5/memx-const\libm.a(fp_zero.o)
                              c:/program files/microchip/xc8/v2.32/avr/bin/../lib/gcc/avr/5.4.0/../../../../avr/lib/avr5/memx-const\libm.a(addsf3x.o) (__fp_zero)
c:/program files/microchip/xc8/v2.32/avr/bin/../lib/gcc/avr/5.4.0/avr5/memx-const\libgcc.a(_exit.o)
                              C:/Program Files/Microchip/MPLABX/v5.50/packs/Microchip/ATmega_DFP/2.3.126/xc8/avr/lib/avr5/memx-const/crtatmega32a.o (exit)
c:/program files/microchip/xc8/v2.32/avr/bin/../lib/gcc/avr/5.4.0/avr5/memx-const\libgcc.a(_copy_data.o)
                              build/default/production/main.o (__do_clear_bss)
c:/program files/microchip/xc8/v2.32/avr/bin/../lib/gcc/avr/5.4.0/../../../../avr/lib/avr5/memx-const\libc.a(itoa_ncheck.o)
                              build/default/production/mLCD.o (__itoa_ncheck)
c:/program files/microchip/xc8/v2.32/avr/bin/../lib/gcc/avr/5.4.0/../../../../avr/lib/avr5/memx-const\libc.a(utoa_ncheck.o)
                              c:/program files/microchip/xc8/v2.32/avr/bin/../lib/gcc/avr/5.4.0/../../../../avr/lib/avr5/memx-const\libc.a(itoa_ncheck.o) (__utoa_common)
c:/program files/microchip/xc8/v2.32/avr/bin/../lib/gcc/avr/5.4.0/../../../../avr/lib/avr5/memx-const\libc.a(strrev.o)
                              c:/program files/microchip/xc8/v2.32/avr/bin/../lib/gcc/avr/5.4.0/../../../../avr/lib/avr5/memx-const\libc.a(utoa_ncheck.o) (strrev)

Allocating common symbols
Common symbol       size              file

receivedData        0x10              build/default/production/main.o
Data                0x10              build/default/production/main.o

Discarded input sections

 .data          0x0000000000000000        0x0 C:/Program Files/Microchip/MPLABX/v5.50/packs/Microchip/ATmega_DFP/2.3.126/xc8/avr/lib/avr5/memx-const/crtatmega32a.o
 .bss           0x0000000000000000        0x0 C:/Program Files/Microchip/MPLABX/v5.50/packs/Microchip/ATmega_DFP/2.3.126/xc8/avr/lib/avr5/memx-const/crtatmega32a.o
 .text          0x0000000000000000        0x0 build/default/production/main.o
 .data          0x0000000000000000        0x0 build/default/production/main.o
 .bss           0x0000000000000000        0x0 build/default/production/main.o
 .text.EEPROM_SPI_WRITE_BYTE
                0x0000000000000000       0x28 build/default/production/main.o
 .text.EEPROM_SPI_READ_BYTE
                0x0000000000000000       0x24 build/default/production/main.o
 .text.EEPROM_READ_STATUS_REGISTER
                0x0000000000000000       0x18 build/default/production/main.o
 .text.init_TWI
                0x0000000000000000        0x8 build/default/production/main.o
 .text.TWI_M_Transmit
                0x0000000000000000       0x48 build/default/production/main.o
 .text.TWI_S_Receive
                0x0000000000000000       0x30 build/default/production/main.o
 .text          0x0000000000000000        0x0 build/default/production/leds.o
 .data          0x0000000000000000        0x0 build/default/production/leds.o
 .bss           0x0000000000000000        0x0 build/default/production/leds.o
 .text.initLEDs
                0x0000000000000000       0x1a build/default/production/leds.o
 .text.LED_ON   0x0000000000000000       0x3a build/default/production/leds.o
 .text.LED_OFF  0x0000000000000000       0x3a build/default/production/leds.o
 .debug_info    0x0000000000000000      0x3ce build/default/production/leds.o
 .debug_abbrev  0x0000000000000000       0x92 build/default/production/leds.o
 .debug_loc     0x0000000000000000       0xc4 build/default/production/leds.o
 .debug_aranges
                0x0000000000000000       0x30 build/default/production/leds.o
 .debug_ranges  0x0000000000000000       0x20 build/default/production/leds.o
 .debug_line    0x0000000000000000       0xaf build/default/production/leds.o
 .debug_str     0x0000000000000000       0x1d build/default/production/leds.o
 .comment       0x0000000000000000       0x30 build/default/production/leds.o
 .debug_frame   0x0000000000000000       0x44 build/default/production/leds.o
 .text          0x0000000000000000        0x0 build/default/production/DIO.o
 .data          0x0000000000000000        0x0 build/default/production/DIO.o
 .bss           0x0000000000000000        0x0 build/default/production/DIO.o
 .text.setPINA_DIR
                0x0000000000000000       0x44 build/default/production/DIO.o
 .text.setPINC_DIR
                0x0000000000000000       0x44 build/default/production/DIO.o
 .text.setPIND_DIR
                0x0000000000000000       0x44 build/default/production/DIO.o
 .text.setPORTC_DIR_VAL
                0x0000000000000000       0x20 build/default/production/DIO.o
 .text.setPORTD_DIR_VAL
                0x0000000000000000       0x20 build/default/production/DIO.o
 .text.setPINA  0x0000000000000000       0x42 build/default/production/DIO.o
 .text.setPINC  0x0000000000000000       0x42 build/default/production/DIO.o
 .text.setPIND  0x0000000000000000       0x42 build/default/production/DIO.o
 .text.setPORTA_VAL
                0x0000000000000000        0x4 build/default/production/DIO.o
 .text.setPORTB_VAL
                0x0000000000000000        0x4 build/default/production/DIO.o
 .text.setPORTC_VAL
                0x0000000000000000        0x4 build/default/production/DIO.o
 .text.setPORTD_VAL
                0x0000000000000000        0x4 build/default/production/DIO.o
 .text.readPORTA
                0x0000000000000000        0x4 build/default/production/DIO.o
 .text.readPORTB
                0x0000000000000000        0x4 build/default/production/DIO.o
 .text.readPORTC
                0x0000000000000000        0x4 build/default/production/DIO.o
 .text.readPORTD
                0x0000000000000000        0x4 build/default/production/DIO.o
 .text.readPINA
                0x0000000000000000       0x18 build/default/production/DIO.o
 .text.readPINB
                0x0000000000000000       0x18 build/default/production/DIO.o
 .text.readPINC
                0x0000000000000000       0x18 build/default/production/DIO.o
 .text.readPIND
                0x0000000000000000       0x18 build/default/production/DIO.o
 .text          0x0000000000000000        0x0 build/default/production/buttons.o
 .data          0x0000000000000000        0x0 build/default/production/buttons.o
 .bss           0x0000000000000000        0x0 build/default/production/buttons.o
 .text.initBTNs
                0x0000000000000000       0x26 build/default/production/buttons.o
 .text.isPressedA
                0x0000000000000000        0x8 build/default/production/buttons.o
 .text.isPressedB
                0x0000000000000000        0x8 build/default/production/buttons.o
 .text.isPressedC
                0x0000000000000000        0x8 build/default/production/buttons.o
 .text.isPressedD
                0x0000000000000000        0x8 build/default/production/buttons.o
 .debug_info    0x0000000000000000      0x3d0 build/default/production/buttons.o
 .debug_abbrev  0x0000000000000000       0xa5 build/default/production/buttons.o
 .debug_loc     0x0000000000000000       0x84 build/default/production/buttons.o
 .debug_aranges
                0x0000000000000000       0x40 build/default/production/buttons.o
 .debug_ranges  0x0000000000000000       0x30 build/default/production/buttons.o
 .debug_line    0x0000000000000000       0xc0 build/default/production/buttons.o
 .debug_str     0x0000000000000000       0x43 build/default/production/buttons.o
 .comment       0x0000000000000000       0x30 build/default/production/buttons.o
 .debug_frame   0x0000000000000000       0x64 build/default/production/buttons.o
 .text          0x0000000000000000        0x0 build/default/production/output_devices.o
 .data          0x0000000000000000        0x0 build/default/production/output_devices.o
 .bss           0x0000000000000000        0x0 build/default/production/output_devices.o
 .text.init_relay
                0x0000000000000000        0xe build/default/production/output_devices.o
 .text.relay_on
                0x0000000000000000        0xe build/default/production/output_devices.o
 .text.relay_off
                0x0000000000000000        0xe build/default/production/output_devices.o
 .text.init_buzzer
                0x0000000000000000        0xe build/default/production/output_devices.o
 .text.buzzer_on
                0x0000000000000000        0xe build/default/production/output_devices.o
 .text.buzzer_off
                0x0000000000000000        0xe build/default/production/output_devices.o
 .debug_info    0x0000000000000000      0x39f build/default/production/output_devices.o
 .debug_abbrev  0x0000000000000000       0x74 build/default/production/output_devices.o
 .debug_aranges
                0x0000000000000000       0x48 build/default/production/output_devices.o
 .debug_ranges  0x0000000000000000       0x38 build/default/production/output_devices.o
 .debug_line    0x0000000000000000       0xb9 build/default/production/output_devices.o
 .debug_str     0x0000000000000000        0xc build/default/production/output_devices.o
 .comment       0x0000000000000000       0x30 build/default/production/output_devices.o
 .debug_frame   0x0000000000000000       0x74 build/default/production/output_devices.o
 .text          0x0000000000000000        0x0 build/default/production/mkeypad.o
 .data          0x0000000000000000        0x0 build/default/production/mkeypad.o
 .bss           0x0000000000000000        0x0 build/default/production/mkeypad.o
 .text.init_keypad
                0x0000000000000000        0xc build/default/production/mkeypad.o
 .text.readKey  0x0000000000000000      0x258 build/default/production/mkeypad.o
 .text.getKey   0x0000000000000000      0x186 build/default/production/mkeypad.o
 .debug_info    0x0000000000000000      0xc1c build/default/production/mkeypad.o
 .debug_abbrev  0x0000000000000000      0x11b build/default/production/mkeypad.o
 .debug_loc     0x0000000000000000      0x9e0 build/default/production/mkeypad.o
 .debug_aranges
                0x0000000000000000       0x30 build/default/production/mkeypad.o
 .debug_ranges  0x0000000000000000       0x20 build/default/production/mkeypad.o
 .debug_line    0x0000000000000000      0x4f1 build/default/production/mkeypad.o
 .debug_str     0x0000000000000000       0x3a build/default/production/mkeypad.o
 .comment       0x0000000000000000       0x30 build/default/production/mkeypad.o
 .debug_frame   0x0000000000000000       0x44 build/default/production/mkeypad.o
 .text          0x0000000000000000        0x0 build/default/production/mLCD.o
 .data          0x0000000000000000        0x0 build/default/production/mLCD.o
 .bss           0x0000000000000000        0x0 build/default/production/mLCD.o
 .text.LCD_EN   0x0000000000000000       0x12 build/default/production/mLCD.o
 .text.LCD_cmd  0x0000000000000000       0x1c build/default/production/mLCD.o
 .text.init_LCD
                0x0000000000000000       0x6e build/default/production/mLCD.o
 .text.LCD_data
                0x0000000000000000       0x1c build/default/production/mLCD.o
 .text.LCD_data_str
                0x0000000000000000       0x1e build/default/production/mLCD.o
 .text.LCD_data_num
                0x0000000000000000       0x3a build/default/production/mLCD.o
 .text.LCD_CLEAR
                0x0000000000000000       0x18 build/default/production/mLCD.o
 .debug_info    0x0000000000000000      0x763 build/default/production/mLCD.o
 .debug_abbrev  0x0000000000000000      0x1df build/default/production/mLCD.o
 .debug_loc     0x0000000000000000      0x29e build/default/production/mLCD.o
 .debug_aranges
                0x0000000000000000       0x50 build/default/production/mLCD.o
 .debug_ranges  0x0000000000000000       0x40 build/default/production/mLCD.o
 .debug_line    0x0000000000000000      0x219 build/default/production/mLCD.o
 .debug_str     0x0000000000000000       0x2b build/default/production/mLCD.o
 .comment       0x0000000000000000       0x30 build/default/production/mLCD.o
 .debug_frame   0x0000000000000000       0xa0 build/default/production/mLCD.o
 .text          0x0000000000000000        0x0 build/default/production/mlcd4.o
 .data          0x0000000000000000        0x0 build/default/production/mlcd4.o
 .bss           0x0000000000000000        0x0 build/default/production/mlcd4.o
 .text.LCD4_data_num
                0x0000000000000000       0x3a build/default/production/mlcd4.o
 .text.LCD4_CLEAR
                0x0000000000000000       0x26 build/default/production/mlcd4.o
 .text.LCD4_MOVE_LEFT
                0x0000000000000000       0x2e build/default/production/mlcd4.o
 .text.LCD4_MOVE_RIGHT
                0x0000000000000000       0x2e build/default/production/mlcd4.o
 .text.LCD4_GOTO
                0x0000000000000000       0x12 build/default/production/mlcd4.o
 .text          0x0000000000000000        0x0 build/default/production/mINT.o
 .data          0x0000000000000000        0x0 build/default/production/mINT.o
 .bss           0x0000000000000000        0x0 build/default/production/mINT.o
 .text.INT0_selectMode
                0x0000000000000000       0x3c build/default/production/mINT.o
 .text.init_INT0
                0x0000000000000000        0xc build/default/production/mINT.o
 .text.INT0_disable
                0x0000000000000000        0x8 build/default/production/mINT.o
 .text.INT1_selectMode
                0x0000000000000000       0x3c build/default/production/mINT.o
 .text.init_INT1
                0x0000000000000000        0xc build/default/production/mINT.o
 .text.INT1_disable
                0x0000000000000000        0x8 build/default/production/mINT.o
 .text.INT2_selectMode
                0x0000000000000000       0x1a build/default/production/mINT.o
 .text.init_INT2
                0x0000000000000000        0xc build/default/production/mINT.o
 .text.INT2_disable
                0x0000000000000000        0x8 build/default/production/mINT.o
 .debug_info    0x0000000000000000      0x3ce build/default/production/mINT.o
 .debug_abbrev  0x0000000000000000       0x93 build/default/production/mINT.o
 .debug_loc     0x0000000000000000      0x175 build/default/production/mINT.o
 .debug_aranges
                0x0000000000000000       0x60 build/default/production/mINT.o
 .debug_ranges  0x0000000000000000       0x50 build/default/production/mINT.o
 .debug_line    0x0000000000000000      0x1bd build/default/production/mINT.o
 .debug_str     0x0000000000000000       0x12 build/default/production/mINT.o
 .comment       0x0000000000000000       0x30 build/default/production/mINT.o
 .debug_frame   0x0000000000000000       0xa4 build/default/production/mINT.o
 .text          0x0000000000000000        0x0 build/default/production/mADC.o
 .data          0x0000000000000000        0x0 build/default/production/mADC.o
 .bss           0x0000000000000000        0x0 build/default/production/mADC.o
 .text.ADC_select_CH
                0x0000000000000000        0xe build/default/production/mADC.o
 .text.ADC_select_REF
                0x0000000000000000       0x16 build/default/production/mADC.o
 .text.ADC_select_FREQ
                0x0000000000000000        0xe build/default/production/mADC.o
 .text.ADC_SC   0x0000000000000000        0x4 build/default/production/mADC.o
 .text.ADC_EN   0x0000000000000000        0x4 build/default/production/mADC.o
 .text.ADC_INT_EN
                0x0000000000000000        0x4 build/default/production/mADC.o
 .text.ADC_ATE_EN
                0x0000000000000000        0x4 build/default/production/mADC.o
 .text.ADC_AUTO_TRIGGERING
                0x0000000000000000       0x10 build/default/production/mADC.o
 .text.init_ADC
                0x0000000000000000       0x2c build/default/production/mADC.o
 .debug_info    0x0000000000000000      0x403 build/default/production/mADC.o
 .debug_abbrev  0x0000000000000000       0xa9 build/default/production/mADC.o
 .debug_loc     0x0000000000000000       0xfd build/default/production/mADC.o
 .debug_aranges
                0x0000000000000000       0x60 build/default/production/mADC.o
 .debug_ranges  0x0000000000000000       0x50 build/default/production/mADC.o
 .debug_line    0x0000000000000000      0x16b build/default/production/mADC.o
 .debug_str     0x0000000000000000        0x0 build/default/production/mADC.o
 .comment       0x0000000000000000       0x30 build/default/production/mADC.o
 .debug_frame   0x0000000000000000       0xb0 build/default/production/mADC.o
 .text          0x0000000000000000        0x0 build/default/production/mTimer.o
 .data          0x0000000000000000        0x0 build/default/production/mTimer.o
 .bss           0x0000000000000000        0x0 build/default/production/mTimer.o
 .text.Timer0_selectCLK
                0x0000000000000000        0xe build/default/production/mTimer.o
 .text.Timer0_TOV_INT_Enable
                0x0000000000000000        0x8 build/default/production/mTimer.o
 .text.Timer0_COMP_INT_Enable
                0x0000000000000000        0x8 build/default/production/mTimer.o
 .text.Timer0_selectMode
                0x0000000000000000       0x56 build/default/production/mTimer.o
 .text.init_Timer0
                0x0000000000000000       0x12 build/default/production/mTimer.o
 .text.Timer0_OC0_init
                0x0000000000000000        0xe build/default/production/mTimer.o
 .text.Timer0_OC0_select_mode
                0x0000000000000000       0x1a build/default/production/mTimer.o
 .debug_info    0x0000000000000000      0x3dc build/default/production/mTimer.o
 .debug_abbrev  0x0000000000000000       0xd5 build/default/production/mTimer.o
 .debug_loc     0x0000000000000000      0x100 build/default/production/mTimer.o
 .debug_aranges
                0x0000000000000000       0x50 build/default/production/mTimer.o
 .debug_ranges  0x0000000000000000       0x40 build/default/production/mTimer.o
 .debug_line    0x0000000000000000      0x17a build/default/production/mTimer.o
 .debug_str     0x0000000000000000       0x23 build/default/production/mTimer.o
 .comment       0x0000000000000000       0x30 build/default/production/mTimer.o
 .debug_frame   0x0000000000000000       0x8c build/default/production/mTimer.o
 .text          0x0000000000000000        0x0 build/default/production/mUART.o
 .data          0x0000000000000000        0x0 build/default/production/mUART.o
 .bss           0x0000000000000000        0x0 build/default/production/mUART.o
 .text.init_UART
                0x0000000000000000       0x52 build/default/production/mUART.o
 .text.UART_send
                0x0000000000000000        0x8 build/default/production/mUART.o
 .text.UART_receive
                0x0000000000000000        0x8 build/default/production/mUART.o
 .debug_info    0x0000000000000000      0x39b build/default/production/mUART.o
 .debug_abbrev  0x0000000000000000      0x138 build/default/production/mUART.o
 .debug_loc     0x0000000000000000       0x86 build/default/production/mUART.o
 .debug_aranges
                0x0000000000000000       0x30 build/default/production/mUART.o
 .debug_ranges  0x0000000000000000       0x20 build/default/production/mUART.o
 .debug_line    0x0000000000000000      0x13a build/default/production/mUART.o
 .debug_str     0x0000000000000000        0xc build/default/production/mUART.o
 .comment       0x0000000000000000       0x30 build/default/production/mUART.o
 .debug_frame   0x0000000000000000       0x44 build/default/production/mUART.o
 .text          0x0000000000000000        0x0 build/default/production/mSPI.o
 .data          0x0000000000000000        0x0 build/default/production/mSPI.o
 .bss           0x0000000000000000        0x0 build/default/production/mSPI.o
 .text.SPI_receive
                0x0000000000000000        0x8 build/default/production/mSPI.o
 .text          0x0000000000000000        0x0 c:/program files/microchip/xc8/v2.32/avr/bin/../lib/gcc/avr/5.4.0/../../../../avr/lib/avr5/memx-const\libm.a(addsf3.o)
 .data          0x0000000000000000        0x0 c:/program files/microchip/xc8/v2.32/avr/bin/../lib/gcc/avr/5.4.0/../../../../avr/lib/avr5/memx-const\libm.a(addsf3.o)
 .bss           0x0000000000000000        0x0 c:/program files/microchip/xc8/v2.32/avr/bin/../lib/gcc/avr/5.4.0/../../../../avr/lib/avr5/memx-const\libm.a(addsf3.o)
 .text.avrlibc.fplib
                0x0000000000000000        0xe c:/program files/microchip/xc8/v2.32/avr/bin/../lib/gcc/avr/5.4.0/../../../../avr/lib/avr5/memx-const\libm.a(addsf3.o)
 .stack.descriptors.hdr
                0x0000000000000000        0xe c:/program files/microchip/xc8/v2.32/avr/bin/../lib/gcc/avr/5.4.0/../../../../avr/lib/avr5/memx-const\libm.a(addsf3.o)
 .stack.descriptors
                0x0000000000000000       0x2c c:/program files/microchip/xc8/v2.32/avr/bin/../lib/gcc/avr/5.4.0/../../../../avr/lib/avr5/memx-const\libm.a(addsf3.o)
 .text          0x0000000000000000        0x0 c:/program files/microchip/xc8/v2.32/avr/bin/../lib/gcc/avr/5.4.0/../../../../avr/lib/avr5/memx-const\libm.a(addsf3x.o)
 .data          0x0000000000000000        0x0 c:/program files/microchip/xc8/v2.32/avr/bin/../lib/gcc/avr/5.4.0/../../../../avr/lib/avr5/memx-const\libm.a(addsf3x.o)
 .bss           0x0000000000000000        0x0 c:/program files/microchip/xc8/v2.32/avr/bin/../lib/gcc/avr/5.4.0/../../../../avr/lib/avr5/memx-const\libm.a(addsf3x.o)
 .text.avrlibc.fplib
                0x0000000000000000       0xce c:/program files/microchip/xc8/v2.32/avr/bin/../lib/gcc/avr/5.4.0/../../../../avr/lib/avr5/memx-const\libm.a(addsf3x.o)
 .stack.descriptors.hdr
                0x0000000000000000        0xe c:/program files/microchip/xc8/v2.32/avr/bin/../lib/gcc/avr/5.4.0/../../../../avr/lib/avr5/memx-const\libm.a(addsf3x.o)
 .stack.descriptors
                0x0000000000000000       0x17 c:/program files/microchip/xc8/v2.32/avr/bin/../lib/gcc/avr/5.4.0/../../../../avr/lib/avr5/memx-const\libm.a(addsf3x.o)
 .text          0x0000000000000000        0x0 c:/program files/microchip/xc8/v2.32/avr/bin/../lib/gcc/avr/5.4.0/../../../../avr/lib/avr5/memx-const\libm.a(divsf3.o)
 .data          0x0000000000000000        0x0 c:/program files/microchip/xc8/v2.32/avr/bin/../lib/gcc/avr/5.4.0/../../../../avr/lib/avr5/memx-const\libm.a(divsf3.o)
 .bss           0x0000000000000000        0x0 c:/program files/microchip/xc8/v2.32/avr/bin/../lib/gcc/avr/5.4.0/../../../../avr/lib/avr5/memx-const\libm.a(divsf3.o)
 .text.avrlibc.fplib
                0x0000000000000000        0x8 c:/program files/microchip/xc8/v2.32/avr/bin/../lib/gcc/avr/5.4.0/../../../../avr/lib/avr5/memx-const\libm.a(divsf3.o)
 .stack.descriptors.hdr
                0x0000000000000000        0xe c:/program files/microchip/xc8/v2.32/avr/bin/../lib/gcc/avr/5.4.0/../../../../avr/lib/avr5/memx-const\libm.a(divsf3.o)
 .stack.descriptors
                0x0000000000000000       0x16 c:/program files/microchip/xc8/v2.32/avr/bin/../lib/gcc/avr/5.4.0/../../../../avr/lib/avr5/memx-const\libm.a(divsf3.o)
 .text          0x0000000000000000        0x0 c:/program files/microchip/xc8/v2.32/avr/bin/../lib/gcc/avr/5.4.0/../../../../avr/lib/avr5/memx-const\libm.a(divsf3x.o)
 .data          0x0000000000000000        0x0 c:/program files/microchip/xc8/v2.32/avr/bin/../lib/gcc/avr/5.4.0/../../../../avr/lib/avr5/memx-const\libm.a(divsf3x.o)
 .bss           0x0000000000000000        0x0 c:/program files/microchip/xc8/v2.32/avr/bin/../lib/gcc/avr/5.4.0/../../../../avr/lib/avr5/memx-const\libm.a(divsf3x.o)
 .text.avrlibc.fplib
                0x0000000000000000       0xde c:/program files/microchip/xc8/v2.32/avr/bin/../lib/gcc/avr/5.4.0/../../../../avr/lib/avr5/memx-const\libm.a(divsf3x.o)
 .stack.descriptors.hdr
                0x0000000000000000        0xe c:/program files/microchip/xc8/v2.32/avr/bin/../lib/gcc/avr/5.4.0/../../../../avr/lib/avr5/memx-const\libm.a(divsf3x.o)
 .stack.descriptors
                0x0000000000000000       0x31 c:/program files/microchip/xc8/v2.32/avr/bin/../lib/gcc/avr/5.4.0/../../../../avr/lib/avr5/memx-const\libm.a(divsf3x.o)
 .text          0x0000000000000000        0x0 c:/program files/microchip/xc8/v2.32/avr/bin/../lib/gcc/avr/5.4.0/../../../../avr/lib/avr5/memx-const\libm.a(fixsfsi.o)
 .data          0x0000000000000000        0x0 c:/program files/microchip/xc8/v2.32/avr/bin/../lib/gcc/avr/5.4.0/../../../../avr/lib/avr5/memx-const\libm.a(fixsfsi.o)
 .bss           0x0000000000000000        0x0 c:/program files/microchip/xc8/v2.32/avr/bin/../lib/gcc/avr/5.4.0/../../../../avr/lib/avr5/memx-const\libm.a(fixsfsi.o)
 .text.avrlibc.fplib
                0x0000000000000000        0xe c:/program files/microchip/xc8/v2.32/avr/bin/../lib/gcc/avr/5.4.0/../../../../avr/lib/avr5/memx-const\libm.a(fixsfsi.o)
 .stack.descriptors.hdr
                0x0000000000000000        0xe c:/program files/microchip/xc8/v2.32/avr/bin/../lib/gcc/avr/5.4.0/../../../../avr/lib/avr5/memx-const\libm.a(fixsfsi.o)
 .stack.descriptors
                0x0000000000000000       0x17 c:/program files/microchip/xc8/v2.32/avr/bin/../lib/gcc/avr/5.4.0/../../../../avr/lib/avr5/memx-const\libm.a(fixsfsi.o)
 .text          0x0000000000000000        0x0 c:/program files/microchip/xc8/v2.32/avr/bin/../lib/gcc/avr/5.4.0/../../../../avr/lib/avr5/memx-const\libm.a(fixunssfsi.o)
 .data          0x0000000000000000        0x0 c:/program files/microchip/xc8/v2.32/avr/bin/../lib/gcc/avr/5.4.0/../../../../avr/lib/avr5/memx-const\libm.a(fixunssfsi.o)
 .bss           0x0000000000000000        0x0 c:/program files/microchip/xc8/v2.32/avr/bin/../lib/gcc/avr/5.4.0/../../../../avr/lib/avr5/memx-const\libm.a(fixunssfsi.o)
 .text.avrlibc.fplib
                0x0000000000000000       0x5e c:/program files/microchip/xc8/v2.32/avr/bin/../lib/gcc/avr/5.4.0/../../../../avr/lib/avr5/memx-const\libm.a(fixunssfsi.o)
 .stack.descriptors.hdr
                0x0000000000000000        0xe c:/program files/microchip/xc8/v2.32/avr/bin/../lib/gcc/avr/5.4.0/../../../../avr/lib/avr5/memx-const\libm.a(fixunssfsi.o)
 .stack.descriptors
                0x0000000000000000       0x1a c:/program files/microchip/xc8/v2.32/avr/bin/../lib/gcc/avr/5.4.0/../../../../avr/lib/avr5/memx-const\libm.a(fixunssfsi.o)
 .text          0x0000000000000000        0x0 c:/program files/microchip/xc8/v2.32/avr/bin/../lib/gcc/avr/5.4.0/../../../../avr/lib/avr5/memx-const\libm.a(floatsisf.o)
 .data          0x0000000000000000        0x0 c:/program files/microchip/xc8/v2.32/avr/bin/../lib/gcc/avr/5.4.0/../../../../avr/lib/avr5/memx-const\libm.a(floatsisf.o)
 .bss           0x0000000000000000        0x0 c:/program files/microchip/xc8/v2.32/avr/bin/../lib/gcc/avr/5.4.0/../../../../avr/lib/avr5/memx-const\libm.a(floatsisf.o)
 .text.avrlibc.fplib
                0x0000000000000000       0x7a c:/program files/microchip/xc8/v2.32/avr/bin/../lib/gcc/avr/5.4.0/../../../../avr/lib/avr5/memx-const\libm.a(floatsisf.o)
 .stack.descriptors.hdr
                0x0000000000000000        0xe c:/program files/microchip/xc8/v2.32/avr/bin/../lib/gcc/avr/5.4.0/../../../../avr/lib/avr5/memx-const\libm.a(floatsisf.o)
 .stack.descriptors
                0x0000000000000000       0x34 c:/program files/microchip/xc8/v2.32/avr/bin/../lib/gcc/avr/5.4.0/../../../../avr/lib/avr5/memx-const\libm.a(floatsisf.o)
 .text          0x0000000000000000        0x0 c:/program files/microchip/xc8/v2.32/avr/bin/../lib/gcc/avr/5.4.0/../../../../avr/lib/avr5/memx-const\libm.a(fp_inf.o)
 .data          0x0000000000000000        0x0 c:/program files/microchip/xc8/v2.32/avr/bin/../lib/gcc/avr/5.4.0/../../../../avr/lib/avr5/memx-const\libm.a(fp_inf.o)
 .bss           0x0000000000000000        0x0 c:/program files/microchip/xc8/v2.32/avr/bin/../lib/gcc/avr/5.4.0/../../../../avr/lib/avr5/memx-const\libm.a(fp_inf.o)
 .text.avrlibc.fplib
                0x0000000000000000        0xc c:/program files/microchip/xc8/v2.32/avr/bin/../lib/gcc/avr/5.4.0/../../../../avr/lib/avr5/memx-const\libm.a(fp_inf.o)
 .stack.descriptors.hdr
                0x0000000000000000        0xe c:/program files/microchip/xc8/v2.32/avr/bin/../lib/gcc/avr/5.4.0/../../../../avr/lib/avr5/memx-const\libm.a(fp_inf.o)
 .stack.descriptors
                0x0000000000000000       0x16 c:/program files/microchip/xc8/v2.32/avr/bin/../lib/gcc/avr/5.4.0/../../../../avr/lib/avr5/memx-const\libm.a(fp_inf.o)
 .text          0x0000000000000000        0x0 c:/program files/microchip/xc8/v2.32/avr/bin/../lib/gcc/avr/5.4.0/../../../../avr/lib/avr5/memx-const\libm.a(fp_nan.o)
 .data          0x0000000000000000        0x0 c:/program files/microchip/xc8/v2.32/avr/bin/../lib/gcc/avr/5.4.0/../../../../avr/lib/avr5/memx-const\libm.a(fp_nan.o)
 .bss           0x0000000000000000        0x0 c:/program files/microchip/xc8/v2.32/avr/bin/../lib/gcc/avr/5.4.0/../../../../avr/lib/avr5/memx-const\libm.a(fp_nan.o)
 .text.avrlibc.fplib
                0x0000000000000000        0x6 c:/program files/microchip/xc8/v2.32/avr/bin/../lib/gcc/avr/5.4.0/../../../../avr/lib/avr5/memx-const\libm.a(fp_nan.o)
 .stack.descriptors.hdr
                0x0000000000000000        0xe c:/program files/microchip/xc8/v2.32/avr/bin/../lib/gcc/avr/5.4.0/../../../../avr/lib/avr5/memx-const\libm.a(fp_nan.o)
 .stack.descriptors
                0x0000000000000000       0x16 c:/program files/microchip/xc8/v2.32/avr/bin/../lib/gcc/avr/5.4.0/../../../../avr/lib/avr5/memx-const\libm.a(fp_nan.o)
 .text          0x0000000000000000        0x0 c:/program files/microchip/xc8/v2.32/avr/bin/../lib/gcc/avr/5.4.0/../../../../avr/lib/avr5/memx-const\libm.a(fp_pscA.o)
 .data          0x0000000000000000        0x0 c:/program files/microchip/xc8/v2.32/avr/bin/../lib/gcc/avr/5.4.0/../../../../avr/lib/avr5/memx-const\libm.a(fp_pscA.o)
 .bss           0x0000000000000000        0x0 c:/program files/microchip/xc8/v2.32/avr/bin/../lib/gcc/avr/5.4.0/../../../../avr/lib/avr5/memx-const\libm.a(fp_pscA.o)
 .text.avrlibc.fplib
                0x0000000000000000        0xe c:/program files/microchip/xc8/v2.32/avr/bin/../lib/gcc/avr/5.4.0/../../../../avr/lib/avr5/memx-const\libm.a(fp_pscA.o)
 .stack.descriptors.hdr
                0x0000000000000000        0xe c:/program files/microchip/xc8/v2.32/avr/bin/../lib/gcc/avr/5.4.0/../../../../avr/lib/avr5/memx-const\libm.a(fp_pscA.o)
 .stack.descriptors
                0x0000000000000000       0x17 c:/program files/microchip/xc8/v2.32/avr/bin/../lib/gcc/avr/5.4.0/../../../../avr/lib/avr5/memx-const\libm.a(fp_pscA.o)
 .text          0x0000000000000000        0x0 c:/program files/microchip/xc8/v2.32/avr/bin/../lib/gcc/avr/5.4.0/../../../../avr/lib/avr5/memx-const\libm.a(fp_pscB.o)
 .data          0x0000000000000000        0x0 c:/program files/microchip/xc8/v2.32/avr/bin/../lib/gcc/avr/5.4.0/../../../../avr/lib/avr5/memx-const\libm.a(fp_pscB.o)
 .bss           0x0000000000000000        0x0 c:/program files/microchip/xc8/v2.32/avr/bin/../lib/gcc/avr/5.4.0/../../../../avr/lib/avr5/memx-const\libm.a(fp_pscB.o)
 .text.avrlibc.fplib
                0x0000000000000000        0xe c:/program files/microchip/xc8/v2.32/avr/bin/../lib/gcc/avr/5.4.0/../../../../avr/lib/avr5/memx-const\libm.a(fp_pscB.o)
 .stack.descriptors.hdr
                0x0000000000000000        0xe c:/program files/microchip/xc8/v2.32/avr/bin/../lib/gcc/avr/5.4.0/../../../../avr/lib/avr5/memx-const\libm.a(fp_pscB.o)
 .stack.descriptors
                0x0000000000000000       0x17 c:/program files/microchip/xc8/v2.32/avr/bin/../lib/gcc/avr/5.4.0/../../../../avr/lib/avr5/memx-const\libm.a(fp_pscB.o)
 .text          0x0000000000000000        0x0 c:/program files/microchip/xc8/v2.32/avr/bin/../lib/gcc/avr/5.4.0/../../../../avr/lib/avr5/memx-const\libm.a(fp_round.o)
 .data          0x0000000000000000        0x0 c:/program files/microchip/xc8/v2.32/avr/bin/../lib/gcc/avr/5.4.0/../../../../avr/lib/avr5/memx-const\libm.a(fp_round.o)
 .bss           0x0000000000000000        0x0 c:/program files/microchip/xc8/v2.32/avr/bin/../lib/gcc/avr/5.4.0/../../../../avr/lib/avr5/memx-const\libm.a(fp_round.o)
 .text.avrlibc.fplib
                0x0000000000000000       0x22 c:/program files/microchip/xc8/v2.32/avr/bin/../lib/gcc/avr/5.4.0/../../../../avr/lib/avr5/memx-const\libm.a(fp_round.o)
 .stack.descriptors.hdr
                0x0000000000000000        0xe c:/program files/microchip/xc8/v2.32/avr/bin/../lib/gcc/avr/5.4.0/../../../../avr/lib/avr5/memx-const\libm.a(fp_round.o)
 .stack.descriptors
                0x0000000000000000       0x18 c:/program files/microchip/xc8/v2.32/avr/bin/../lib/gcc/avr/5.4.0/../../../../avr/lib/avr5/memx-const\libm.a(fp_round.o)
 .text          0x0000000000000000        0x0 c:/program files/microchip/xc8/v2.32/avr/bin/../lib/gcc/avr/5.4.0/../../../../avr/lib/avr5/memx-const\libm.a(fp_split3.o)
 .data          0x0000000000000000        0x0 c:/program files/microchip/xc8/v2.32/avr/bin/../lib/gcc/avr/5.4.0/../../../../avr/lib/avr5/memx-const\libm.a(fp_split3.o)
 .bss           0x0000000000000000        0x0 c:/program files/microchip/xc8/v2.32/avr/bin/../lib/gcc/avr/5.4.0/../../../../avr/lib/avr5/memx-const\libm.a(fp_split3.o)
 .text.avrlibc.fplib
                0x0000000000000000       0x44 c:/program files/microchip/xc8/v2.32/avr/bin/../lib/gcc/avr/5.4.0/../../../../avr/lib/avr5/memx-const\libm.a(fp_split3.o)
 .stack.descriptors.hdr
                0x0000000000000000        0xe c:/program files/microchip/xc8/v2.32/avr/bin/../lib/gcc/avr/5.4.0/../../../../avr/lib/avr5/memx-const\libm.a(fp_split3.o)
 .stack.descriptors
                0x0000000000000000       0x32 c:/program files/microchip/xc8/v2.32/avr/bin/../lib/gcc/avr/5.4.0/../../../../avr/lib/avr5/memx-const\libm.a(fp_split3.o)
 .text          0x0000000000000000        0x0 c:/program files/microchip/xc8/v2.32/avr/bin/../lib/gcc/avr/5.4.0/../../../../avr/lib/avr5/memx-const\libm.a(fp_zero.o)
 .data          0x0000000000000000        0x0 c:/program files/microchip/xc8/v2.32/avr/bin/../lib/gcc/avr/5.4.0/../../../../avr/lib/avr5/memx-const\libm.a(fp_zero.o)
 .bss           0x0000000000000000        0x0 c:/program files/microchip/xc8/v2.32/avr/bin/../lib/gcc/avr/5.4.0/../../../../avr/lib/avr5/memx-const\libm.a(fp_zero.o)
 .text.avrlibc.fplib
                0x0000000000000000        0xe c:/program files/microchip/xc8/v2.32/avr/bin/../lib/gcc/avr/5.4.0/../../../../avr/lib/avr5/memx-const\libm.a(fp_zero.o)
 .stack.descriptors.hdr
                0x0000000000000000        0xe c:/program files/microchip/xc8/v2.32/avr/bin/../lib/gcc/avr/5.4.0/../../../../avr/lib/avr5/memx-const\libm.a(fp_zero.o)
 .stack.descriptors
                0x0000000000000000       0x2f c:/program files/microchip/xc8/v2.32/avr/bin/../lib/gcc/avr/5.4.0/../../../../avr/lib/avr5/memx-const\libm.a(fp_zero.o)
 .text          0x0000000000000000        0x0 c:/program files/microchip/xc8/v2.32/avr/bin/../lib/gcc/avr/5.4.0/avr5/memx-const\libgcc.a(_exit.o)
 .data          0x0000000000000000        0x0 c:/program files/microchip/xc8/v2.32/avr/bin/../lib/gcc/avr/5.4.0/avr5/memx-const\libgcc.a(_exit.o)
 .bss           0x0000000000000000        0x0 c:/program files/microchip/xc8/v2.32/avr/bin/../lib/gcc/avr/5.4.0/avr5/memx-const\libgcc.a(_exit.o)
 .text.libgcc.mul
                0x0000000000000000        0x0 c:/program files/microchip/xc8/v2.32/avr/bin/../lib/gcc/avr/5.4.0/avr5/memx-const\libgcc.a(_exit.o)
 .text.libgcc.div
                0x0000000000000000        0x0 c:/program files/microchip/xc8/v2.32/avr/bin/../lib/gcc/avr/5.4.0/avr5/memx-const\libgcc.a(_exit.o)
 .text.libgcc   0x0000000000000000        0x0 c:/program files/microchip/xc8/v2.32/avr/bin/../lib/gcc/avr/5.4.0/avr5/memx-const\libgcc.a(_exit.o)
 .text.libgcc.prologue
                0x0000000000000000        0x0 c:/program files/microchip/xc8/v2.32/avr/bin/../lib/gcc/avr/5.4.0/avr5/memx-const\libgcc.a(_exit.o)
 .stack.descriptors
                0x0000000000000000       0x13 c:/program files/microchip/xc8/v2.32/avr/bin/../lib/gcc/avr/5.4.0/avr5/memx-const\libgcc.a(_exit.o)
 .text.libgcc.builtins
                0x0000000000000000        0x0 c:/program files/microchip/xc8/v2.32/avr/bin/../lib/gcc/avr/5.4.0/avr5/memx-const\libgcc.a(_exit.o)
 .text.libgcc.fmul
                0x0000000000000000        0x0 c:/program files/microchip/xc8/v2.32/avr/bin/../lib/gcc/avr/5.4.0/avr5/memx-const\libgcc.a(_exit.o)
 .text.libgcc.fixed
                0x0000000000000000        0x0 c:/program files/microchip/xc8/v2.32/avr/bin/../lib/gcc/avr/5.4.0/avr5/memx-const\libgcc.a(_exit.o)
 .text          0x0000000000000000        0x0 c:/program files/microchip/xc8/v2.32/avr/bin/../lib/gcc/avr/5.4.0/avr5/memx-const\libgcc.a(_copy_data.o)
 .data          0x0000000000000000        0x0 c:/program files/microchip/xc8/v2.32/avr/bin/../lib/gcc/avr/5.4.0/avr5/memx-const\libgcc.a(_copy_data.o)
 .bss           0x0000000000000000        0x0 c:/program files/microchip/xc8/v2.32/avr/bin/../lib/gcc/avr/5.4.0/avr5/memx-const\libgcc.a(_copy_data.o)
 .text.libgcc.mul
                0x0000000000000000        0x0 c:/program files/microchip/xc8/v2.32/avr/bin/../lib/gcc/avr/5.4.0/avr5/memx-const\libgcc.a(_copy_data.o)
 .text.libgcc.div
                0x0000000000000000        0x0 c:/program files/microchip/xc8/v2.32/avr/bin/../lib/gcc/avr/5.4.0/avr5/memx-const\libgcc.a(_copy_data.o)
 .text.libgcc   0x0000000000000000        0x0 c:/program files/microchip/xc8/v2.32/avr/bin/../lib/gcc/avr/5.4.0/avr5/memx-const\libgcc.a(_copy_data.o)
 .text.libgcc.prologue
                0x0000000000000000        0x0 c:/program files/microchip/xc8/v2.32/avr/bin/../lib/gcc/avr/5.4.0/avr5/memx-const\libgcc.a(_copy_data.o)
 .text.libgcc.builtins
                0x0000000000000000        0x0 c:/program files/microchip/xc8/v2.32/avr/bin/../lib/gcc/avr/5.4.0/avr5/memx-const\libgcc.a(_copy_data.o)
 .text.libgcc.fmul
                0x0000000000000000        0x0 c:/program files/microchip/xc8/v2.32/avr/bin/../lib/gcc/avr/5.4.0/avr5/memx-const\libgcc.a(_copy_data.o)
 .text.libgcc.fixed
                0x0000000000000000        0x0 c:/program files/microchip/xc8/v2.32/avr/bin/../lib/gcc/avr/5.4.0/avr5/memx-const\libgcc.a(_copy_data.o)
 .text          0x0000000000000000        0x0 c:/program files/microchip/xc8/v2.32/avr/bin/../lib/gcc/avr/5.4.0/../../../../avr/lib/avr5/memx-const\libc.a(itoa_ncheck.o)
 .data          0x0000000000000000        0x0 c:/program files/microchip/xc8/v2.32/avr/bin/../lib/gcc/avr/5.4.0/../../../../avr/lib/avr5/memx-const\libc.a(itoa_ncheck.o)
 .bss           0x0000000000000000        0x0 c:/program files/microchip/xc8/v2.32/avr/bin/../lib/gcc/avr/5.4.0/../../../../avr/lib/avr5/memx-const\libc.a(itoa_ncheck.o)
 .text.avrlibc  0x0000000000000000       0x16 c:/program files/microchip/xc8/v2.32/avr/bin/../lib/gcc/avr/5.4.0/../../../../avr/lib/avr5/memx-const\libc.a(itoa_ncheck.o)
 .stack.descriptors.hdr
                0x0000000000000000        0xe c:/program files/microchip/xc8/v2.32/avr/bin/../lib/gcc/avr/5.4.0/../../../../avr/lib/avr5/memx-const\libc.a(itoa_ncheck.o)
 .stack.descriptors
                0x0000000000000000       0x1b c:/program files/microchip/xc8/v2.32/avr/bin/../lib/gcc/avr/5.4.0/../../../../avr/lib/avr5/memx-const\libc.a(itoa_ncheck.o)
 .text          0x0000000000000000        0x0 c:/program files/microchip/xc8/v2.32/avr/bin/../lib/gcc/avr/5.4.0/../../../../avr/lib/avr5/memx-const\libc.a(utoa_ncheck.o)
 .data          0x0000000000000000        0x0 c:/program files/microchip/xc8/v2.32/avr/bin/../lib/gcc/avr/5.4.0/../../../../avr/lib/avr5/memx-const\libc.a(utoa_ncheck.o)
 .bss           0x0000000000000000        0x0 c:/program files/microchip/xc8/v2.32/avr/bin/../lib/gcc/avr/5.4.0/../../../../avr/lib/avr5/memx-const\libc.a(utoa_ncheck.o)
 .text.avrlibc  0x0000000000000000       0x34 c:/program files/microchip/xc8/v2.32/avr/bin/../lib/gcc/avr/5.4.0/../../../../avr/lib/avr5/memx-const\libc.a(utoa_ncheck.o)
 .stack.descriptors.hdr
                0x0000000000000000        0xe c:/program files/microchip/xc8/v2.32/avr/bin/../lib/gcc/avr/5.4.0/../../../../avr/lib/avr5/memx-const\libc.a(utoa_ncheck.o)
 .stack.descriptors
                0x0000000000000000       0x36 c:/program files/microchip/xc8/v2.32/avr/bin/../lib/gcc/avr/5.4.0/../../../../avr/lib/avr5/memx-const\libc.a(utoa_ncheck.o)
 .text          0x0000000000000000        0x0 c:/program files/microchip/xc8/v2.32/avr/bin/../lib/gcc/avr/5.4.0/../../../../avr/lib/avr5/memx-const\libc.a(strrev.o)
 .data          0x0000000000000000        0x0 c:/program files/microchip/xc8/v2.32/avr/bin/../lib/gcc/avr/5.4.0/../../../../avr/lib/avr5/memx-const\libc.a(strrev.o)
 .bss           0x0000000000000000        0x0 c:/program files/microchip/xc8/v2.32/avr/bin/../lib/gcc/avr/5.4.0/../../../../avr/lib/avr5/memx-const\libc.a(strrev.o)
 .text.avrlibc  0x0000000000000000       0x20 c:/program files/microchip/xc8/v2.32/avr/bin/../lib/gcc/avr/5.4.0/../../../../avr/lib/avr5/memx-const\libc.a(strrev.o)
 .stack.descriptors.hdr
                0x0000000000000000        0xe c:/program files/microchip/xc8/v2.32/avr/bin/../lib/gcc/avr/5.4.0/../../../../avr/lib/avr5/memx-const\libc.a(strrev.o)
 .stack.descriptors
                0x0000000000000000       0x14 c:/program files/microchip/xc8/v2.32/avr/bin/../lib/gcc/avr/5.4.0/../../../../avr/lib/avr5/memx-const\libc.a(strrev.o)

Memory Configuration

Name             Origin             Length             Attributes
text             0x0000000000000000 0x0000000000008000 xr
data             0x0000000000800060 0x0000000000000800 rw !x
eeprom           0x0000000000810000 0x0000000000000400 rw !x
fuse             0x0000000000820000 0x0000000000000002 rw !x
lock             0x0000000000830000 0x0000000000000400 rw !x
signature        0x0000000000840000 0x0000000000000400 rw !x
user_signatures  0x0000000000850000 0x0000000000000400 rw !x
*default*        0x0000000000000000 0xffffffffffffffff

Linker script and memory map

LOAD C:/Program Files/Microchip/MPLABX/v5.50/packs/Microchip/ATmega_DFP/2.3.126/xc8/avr/lib/avr5/memx-const/crtatmega32a.o
                0x0000000000000001                __MPLAB_BUILD = 0x1
LOAD build/default/production/main.o
LOAD build/default/production/leds.o
LOAD build/default/production/DIO.o
LOAD build/default/production/buttons.o
LOAD build/default/production/output_devices.o
LOAD build/default/production/mkeypad.o
LOAD build/default/production/mLCD.o
LOAD build/default/production/mlcd4.o
LOAD build/default/production/mINT.o
LOAD build/default/production/mADC.o
LOAD build/default/production/mTimer.o
LOAD build/default/production/mUART.o
LOAD build/default/production/mSPI.o
START GROUP
LOAD c:/program files/microchip/xc8/v2.32/avr/bin/../lib/gcc/avr/5.4.0/../../../../avr/lib/avr5/memx-const\libm.a
END GROUP
START GROUP
LOAD c:/program files/microchip/xc8/v2.32/avr/bin/../lib/gcc/avr/5.4.0/avr5/memx-const\libgcc.a
LOAD c:/program files/microchip/xc8/v2.32/avr/bin/../lib/gcc/avr/5.4.0/../../../../avr/lib/avr5/memx-const\libm.a
LOAD c:/program files/microchip/xc8/v2.32/avr/bin/../lib/gcc/avr/5.4.0/../../../../avr/lib/avr5/memx-const\libc.a
LOAD C:/Program Files/Microchip/MPLABX/v5.50/packs/Microchip/ATmega_DFP/2.3.126/xc8/avr/lib/avr5/memx-const\libatmega32a.a
END GROUP
                [0x0000000000000000]                __TEXT_REGION_ORIGIN__ = DEFINED (__TEXT_REGION_ORIGIN__)?__TEXT_REGION_ORIGIN__:0x0
                [0x0000000000800060]                __DATA_REGION_ORIGIN__ = DEFINED (__DATA_REGION_ORIGIN__)?__DATA_REGION_ORIGIN__:0x800060
                [0x0000000000008000]                __TEXT_REGION_LENGTH__ = DEFINED (__TEXT_REGION_LENGTH__)?__TEXT_REGION_LENGTH__:0x20000
                [0x0000000000000800]                __DATA_REGION_LENGTH__ = DEFINED (__DATA_REGION_LENGTH__)?__DATA_REGION_LENGTH__:0xffa0
                [0x0000000000000400]                __EEPROM_REGION_LENGTH__ = DEFINED (__EEPROM_REGION_LENGTH__)?__EEPROM_REGION_LENGTH__:0x10000
                [0x0000000000000002]                __FUSE_REGION_LENGTH__ = DEFINED (__FUSE_REGION_LENGTH__)?__FUSE_REGION_LENGTH__:0x400
                0x0000000000000400                __LOCK_REGION_LENGTH__ = DEFINED (__LOCK_REGION_LENGTH__)?__LOCK_REGION_LENGTH__:0x400
                0x0000000000000400                __SIGNATURE_REGION_LENGTH__ = DEFINED (__SIGNATURE_REGION_LENGTH__)?__SIGNATURE_REGION_LENGTH__:0x400
                0x0000000000000400                __USER_SIGNATURE_REGION_LENGTH__ = DEFINED (__USER_SIGNATURE_REGION_LENGTH__)?__USER_SIGNATURE_REGION_LENGTH__:0x400

.hash
 *(.hash)

.dynsym
 *(.dynsym)

.dynstr
 *(.dynstr)

.gnu.version
 *(.gnu.version)

.gnu.version_d
 *(.gnu.version_d)

.gnu.version_r
 *(.gnu.version_r)

.rel.init
 *(.rel.init)

.rela.init
 *(.rela.init)

.rel.text
 *(.rel.text)
 *(.rel.text.*)
 *(.rel.gnu.linkonce.t*)

.rela.text
 *(.rela.text)
 *(.rela.text.*)
 *(.rela.gnu.linkonce.t*)

.rel.fini
 *(.rel.fini)

.rela.fini
 *(.rela.fini)

.rel.rodata
 *(.rel.rodata)
 *(.rel.rodata.*)
 *(.rel.gnu.linkonce.r*)

.rela.rodata
 *(.rela.rodata)
 *(.rela.rodata.*)
 *(.rela.gnu.linkonce.r*)

.rel.data
 *(.rel.data)
 *(.rel.data.*)
 *(.rel.gnu.linkonce.d*)

.rela.data
 *(.rela.data)
 *(.rela.data.*)
 *(.rela.gnu.linkonce.d*)

.rel.ctors
 *(.rel.ctors)

.rela.ctors
 *(.rela.ctors)

.rel.dtors
 *(.rel.dtors)

.rela.dtors
 *(.rela.dtors)

.rel.got
 *(.rel.got)

.rela.got
 *(.rela.got)

.rel.bss
 *(.rel.bss)

.rela.bss
 *(.rela.bss)

.rel.plt
 *(.rel.plt)

.rela.plt
 *(.rela.plt)

.text           0x0000000000000000       0xae
 *(.vectors)
 .vectors       0x0000000000000000       0x54 C:/Program Files/Microchip/MPLABX/v5.50/packs/Microchip/ATmega_DFP/2.3.126/xc8/avr/lib/avr5/memx-const/crtatmega32a.o
                0x0000000000000000                __vector_default
                0x0000000000000000                __vectors
 *(.vectors)
 *(.progmem.gcc*)
 *(.dinit)
 .dinit         0x0000000000000054        0x5 data_init
                0x000000000000005a                . = ALIGN (0x2)
 *fill*         0x0000000000000059        0x1 
                0x000000000000005a                __trampolines_start = .
 *(.trampolines)
 .trampolines   0x000000000000005a        0x0 linker stubs
 *(.trampolines*)
                0x000000000000005a                __trampolines_end = .
 *libprintf_flt.a:*(.progmem.data)
 *libc.a:*(.progmem.data)
                0x000000000000005a                . = ALIGN (0x2)
 *(.jumptables)
 *(.jumptables*)
 *(.lowtext)
 *(.lowtext*)
                0x000000000000005a                __ctors_start = .
 *(.ctors)
                0x000000000000005a                __ctors_end = .
                0x000000000000005a                __dtors_start = .
 *(.dtors)
                0x000000000000005a                __dtors_end = .
 SORT(*)(.ctors)
 SORT(*)(.dtors)
 *(.init0)
 .init0         0x000000000000005a        0x0 C:/Program Files/Microchip/MPLABX/v5.50/packs/Microchip/ATmega_DFP/2.3.126/xc8/avr/lib/avr5/memx-const/crtatmega32a.o
                0x000000000000005a                __init
 *(.init0)
 *(.init1)
 *(.init1)
 *(.init2)
 .init2         0x000000000000005a        0xc C:/Program Files/Microchip/MPLABX/v5.50/packs/Microchip/ATmega_DFP/2.3.126/xc8/avr/lib/avr5/memx-const/crtatmega32a.o
 *(.init2)
 *(.init3)
 *(.init3)
 *(.init4)
 .init4         0x0000000000000066       0x3c c:/program files/microchip/xc8/v2.32/avr/bin/../lib/gcc/avr/5.4.0/avr5/memx-const\libgcc.a(_copy_data.o)
                0x0000000000000066                __do_copy_data
                0x0000000000000094                __do_clear_bss
 *(.init4)
 *(.init5)
 *(.init5)
 *(.init6)
 *(.init6)
 *(.init7)
 *(.init7)
 *(.init8)
 *(.init8)
 *(.init9)
 .init9         0x00000000000000a2        0x8 C:/Program Files/Microchip/MPLABX/v5.50/packs/Microchip/ATmega_DFP/2.3.126/xc8/avr/lib/avr5/memx-const/crtatmega32a.o
 *(.init9)
                0x00000000000000aa                . = ALIGN (0x2)
 *(.fini9)
 .fini9         0x00000000000000aa        0x0 c:/program files/microchip/xc8/v2.32/avr/bin/../lib/gcc/avr/5.4.0/avr5/memx-const\libgcc.a(_exit.o)
                0x00000000000000aa                _exit
                0x00000000000000aa                exit
 *(.fini9)
 *(.fini8)
 *(.fini8)
 *(.fini7)
 *(.fini7)
 *(.fini6)
 *(.fini6)
 *(.fini5)
 *(.fini5)
 *(.fini4)
 *(.fini4)
 *(.fini3)
 *(.fini3)
 *(.fini2)
 *(.fini2)
 *(.fini1)
 *(.fini1)
 *(.fini0)
 .fini0         0x00000000000000aa        0x4 c:/program files/microchip/xc8/v2.32/avr/bin/../lib/gcc/avr/5.4.0/avr5/memx-const\libgcc.a(_exit.o)
 *(.fini0)
                0x00000000000000ae                _etext = .

.data           0x0000000000800060        0x0 load address 0x00000000000000ae
                [!provide]                        PROVIDE (__data_start, .)
 *(.gnu.linkonce.d*)
 *(.gnu.linkonce.r*)
                0x0000000000800060                . = ALIGN (0x2)
                0x0000000000800060                _edata = .
                [!provide]                        PROVIDE (__data_end, .)

.bss            0x0000000000800060       0x20
                [!provide]                        PROVIDE (__bss_start, .)
 *(COMMON)
 COMMON         0x0000000000800060       0x20 build/default/production/main.o
                0x0000000000800060                receivedData
                0x0000000000800070                Data
                [!provide]                        PROVIDE (__bss_end, .)
                0x00000000000000ae                __data_load_start = LOADADDR (.data)
                0x00000000000000ae                __data_load_end = (__data_load_start + SIZEOF (.data))

.noinit         0x0000000000800080        0x0
                [!provide]                        PROVIDE (__noinit_start, .)
 *(.noinit*)
                [!provide]                        PROVIDE (__noinit_end, .)
                0x0000000000800080                _end = .

.eeprom         0x0000000000810000        0x0
 *(.eeprom*)
                0x0000000000810000                __eeprom_end = .

.fuse
 *(.fuse)
 *(.lfuse)
 *(.hfuse)
 *(.efuse)

.lock
 *(.lock*)

.signature
 *(.signature*)

.user_signatures
 *(.user_signatures*)

.stab
 *(.stab)

.stabstr
 *(.stabstr)

.stab.excl
 *(.stab.excl)

.stab.exclstr
 *(.stab.exclstr)

.stab.index
 *(.stab.index)

.stab.indexstr
 *(.stab.indexstr)

.comment        0x0000000000000000       0x2f
 *(.comment)
 .comment       0x0000000000000000       0x2f build/default/production/main.o
                                         0x30 (size before relaxing)
 .comment       0x000000000000002f       0x30 build/default/production/DIO.o
 .comment       0x000000000000002f       0x30 build/default/production/mlcd4.o
 .comment       0x000000000000002f       0x30 build/default/production/mSPI.o

.stack.descriptors.hdr
                0x0000000000000000        0xe
 .stack.descriptors.hdr
                0x0000000000000000        0xe c:/program files/microchip/xc8/v2.32/avr/bin/../lib/gcc/avr/5.4.0/avr5/memx-const\libgcc.a(_exit.o)

.note.gnu.build-id
 *(.note.gnu.build-id)

.debug
 *(.debug)

.line
 *(.line)

.debug_srcinfo
 *(.debug_srcinfo)

.debug_sfnames
 *(.debug_sfnames)

.debug_aranges  0x0000000000000000      0x1e8
 *(.debug_aranges)
 .debug_aranges
                0x0000000000000000       0x78 build/default/production/main.o
 .debug_aranges
                0x0000000000000078       0xd8 build/default/production/DIO.o
 .debug_aranges
                0x0000000000000150       0x68 build/default/production/mlcd4.o
 .debug_aranges
                0x00000000000001b8       0x30 build/default/production/mSPI.o

.debug_pubnames
 *(.debug_pubnames)

.debug_info     0x0000000000000000     0x2159
 *(.debug_info .gnu.linkonce.wi.*)
 .debug_info    0x0000000000000000      0x4e6 C:/Program Files/Microchip/MPLABX/v5.50/packs/Microchip/ATmega_DFP/2.3.126/xc8/avr/lib/avr5/memx-const/crtatmega32a.o
 .debug_info    0x00000000000004e6      0x9de build/default/production/main.o
 .debug_info    0x0000000000000ec4      0x726 build/default/production/DIO.o
 .debug_info    0x00000000000015ea      0x873 build/default/production/mlcd4.o
 .debug_info    0x0000000000001e5d      0x2fc build/default/production/mSPI.o

.debug_abbrev   0x0000000000000000      0xa15
 *(.debug_abbrev)
 .debug_abbrev  0x0000000000000000      0x4a3 C:/Program Files/Microchip/MPLABX/v5.50/packs/Microchip/ATmega_DFP/2.3.126/xc8/avr/lib/avr5/memx-const/crtatmega32a.o
 .debug_abbrev  0x00000000000004a3      0x20d build/default/production/main.o
 .debug_abbrev  0x00000000000006b0       0xd2 build/default/production/DIO.o
 .debug_abbrev  0x0000000000000782      0x1df build/default/production/mlcd4.o
 .debug_abbrev  0x0000000000000961       0xb4 build/default/production/mSPI.o

.debug_line     0x0000000000000000      0xc8b
 *(.debug_line .debug_line.* .debug_line_end)
 .debug_line    0x0000000000000000      0x119 C:/Program Files/Microchip/MPLABX/v5.50/packs/Microchip/ATmega_DFP/2.3.126/xc8/avr/lib/avr5/memx-const/crtatmega32a.o
 .debug_line    0x0000000000000119      0x42f build/default/production/main.o
 .debug_line    0x0000000000000548      0x38d build/default/production/DIO.o
 .debug_line    0x00000000000008d5      0x2c4 build/default/production/mlcd4.o
 .debug_line    0x0000000000000b99       0xf2 build/default/production/mSPI.o

.debug_frame    0x0000000000000000      0x408
 *(.debug_frame)
 .debug_frame   0x0000000000000000      0x120 build/default/production/main.o
 .debug_frame   0x0000000000000120      0x194 build/default/production/DIO.o
 .debug_frame   0x00000000000002b4      0x108 build/default/production/mlcd4.o
 .debug_frame   0x00000000000003bc       0x4c build/default/production/mSPI.o

.debug_str      0x0000000000000000      0x244
 *(.debug_str)
 .debug_str     0x0000000000000000      0x196 C:/Program Files/Microchip/MPLABX/v5.50/packs/Microchip/ATmega_DFP/2.3.126/xc8/avr/lib/avr5/memx-const/crtatmega32a.o
 .debug_str     0x0000000000000196       0x57 build/default/production/main.o
 .debug_str     0x00000000000001ed       0x1b build/default/production/DIO.o
 .debug_str     0x0000000000000208       0x2b build/default/production/mlcd4.o
 .debug_str     0x0000000000000233       0x11 build/default/production/mSPI.o

.debug_loc      0x0000000000000000      0xe06
 *(.debug_loc)
 .debug_loc     0x0000000000000000      0x400 build/default/production/main.o
 .debug_loc     0x0000000000000400      0x5e8 build/default/production/DIO.o
 .debug_loc     0x00000000000009e8      0x396 build/default/production/mlcd4.o
 .debug_loc     0x0000000000000d7e       0x88 build/default/production/mSPI.o

.debug_macinfo
 *(.debug_macinfo)

.debug_weaknames
 *(.debug_weaknames)

.debug_funcnames
 *(.debug_funcnames)

.debug_typenames
 *(.debug_typenames)

.debug_varnames
 *(.debug_varnames)

.debug_pubtypes
 *(.debug_pubtypes)

.debug_ranges   0x0000000000000000      0x1a8
 *(.debug_ranges)
 .debug_ranges  0x0000000000000000       0x68 build/default/production/main.o
 .debug_ranges  0x0000000000000068       0xc8 build/default/production/DIO.o
 .debug_ranges  0x0000000000000130       0x58 build/default/production/mlcd4.o
 .debug_ranges  0x0000000000000188       0x20 build/default/production/mSPI.o

.debug_macro
 *(.debug_macro)
OUTPUT(dist/default/production/Alex46_HelloKit.X.production.elf elf32-avr)
LOAD linker stubs
LOAD data_init

.note.gnu.avr.deviceinfo
                0x0000000000000000       0x3c
 .note.gnu.avr.deviceinfo
                0x0000000000000000       0x3c C:/Program Files/Microchip/MPLABX/v5.50/packs/Microchip/ATmega_DFP/2.3.126/xc8/avr/lib/avr5/memx-const/crtatmega32a.o

.text.main      0x00000000000000ae       0xb4
 .text.main     0x00000000000000ae       0xb4 build/default/production/main.o
                0x00000000000000ae                main

.text.init_LCD4
                0x0000000000000162       0x68
 .text.init_LCD4
                0x0000000000000162       0x68 build/default/production/mlcd4.o
                0x0000000000000162                init_LCD4

.text.EEPROM_SPI_READ_ARRAY
                0x00000000000001ca       0x4a
 .text.EEPROM_SPI_READ_ARRAY
                0x00000000000001ca       0x4a build/default/production/main.o
                0x00000000000001ca                EEPROM_SPI_READ_ARRAY

.text.EEPROM_SPI_WRITE_ARRAY
                0x0000000000000214       0x46
 .text.EEPROM_SPI_WRITE_ARRAY
                0x0000000000000214       0x46 build/default/production/main.o
                0x0000000000000214                EEPROM_SPI_WRITE_ARRAY

.text.setPINB_DIR
                0x000000000000025a       0x44
 .text.setPINB_DIR
                0x000000000000025a       0x44 build/default/production/DIO.o
                0x000000000000025a                setPINB_DIR

.text.setPINB   0x000000000000029e       0x42
 .text.setPINB  0x000000000000029e       0x42 build/default/production/DIO.o
                0x000000000000029e                setPINB

.text.LCD4_cmd  0x00000000000002e0       0x42
 .text.LCD4_cmd
                0x00000000000002e0       0x42 build/default/production/mlcd4.o
                0x00000000000002e0                LCD4_cmd

.text.LCD4_data
                0x0000000000000322       0x42
 .text.LCD4_data
                0x0000000000000322       0x42 build/default/production/mlcd4.o
                0x0000000000000322                LCD4_data

.text.init_SPI  0x0000000000000364       0x42
 .text.init_SPI
                0x0000000000000364       0x42 build/default/production/mSPI.o
                0x0000000000000364                init_SPI

.text.setPORTA_DIR_VAL
                0x00000000000003a6       0x20
 .text.setPORTA_DIR_VAL
                0x00000000000003a6       0x20 build/default/production/DIO.o
                0x00000000000003a6                setPORTA_DIR_VAL

.text.setPORTB_DIR_VAL
                0x00000000000003c6       0x20
 .text.setPORTB_DIR_VAL
                0x00000000000003c6       0x20 build/default/production/DIO.o
                0x00000000000003c6                setPORTB_DIR_VAL

.text.LCD4_data_str
                0x00000000000003e6       0x1e
 .text.LCD4_data_str
                0x00000000000003e6       0x1e build/default/production/mlcd4.o
                0x00000000000003e6                LCD4_data_str

.text.LCD4_EN   0x0000000000000404       0x12
 .text.LCD4_EN  0x0000000000000404       0x12 build/default/production/mlcd4.o
                0x0000000000000404                LCD4_EN

.text.EEPROM_SPI_WRITE_ENABLE
                0x0000000000000416       0x10
 .text.EEPROM_SPI_WRITE_ENABLE
                0x0000000000000416       0x10 build/default/production/main.o
                0x0000000000000416                EEPROM_SPI_WRITE_ENABLE

.text.EEPROM_ENABLE
                0x0000000000000426        0xe
 .text.EEPROM_ENABLE
                0x0000000000000426        0xe build/default/production/main.o
                0x0000000000000426                EEPROM_ENABLE

.text.EEPROM_DISABLE
                0x0000000000000434        0xe
 .text.EEPROM_DISABLE
                0x0000000000000434        0xe build/default/production/main.o
                0x0000000000000434                EEPROM_DISABLE

.text.SPI_send  0x0000000000000442        0x8
 .text.SPI_send
                0x0000000000000442        0x8 build/default/production/mSPI.o
                0x0000000000000442                SPI_send

.text           0x000000000000044a        0x4
 .text          0x000000000000044a        0x4 C:/Program Files/Microchip/MPLABX/v5.50/packs/Microchip/ATmega_DFP/2.3.126/xc8/avr/lib/avr5/memx-const/crtatmega32a.o
                0x000000000000044a                __vector_1
                0x000000000000044a                __vector_12
                0x000000000000044a                __bad_interrupt
                0x000000000000044a                __vector_6
                0x000000000000044a                __vector_3
                0x000000000000044a                __vector_11
                0x000000000000044a                __vector_13
                0x000000000000044a                __vector_17
                0x000000000000044a                __vector_19
                0x000000000000044a                __vector_7
                0x000000000000044a                __vector_5
                0x000000000000044a                __vector_4
                0x000000000000044a                __vector_9
                0x000000000000044a                __vector_2
                0x000000000000044a                __vector_15
                0x000000000000044a                __vector_8
                0x000000000000044a                __vector_14
                0x000000000000044a                __vector_10
                0x000000000000044a                __vector_16
                0x000000000000044a                __vector_18
                0x000000000000044a                __vector_20
